
Copyright (C) 1994-2023 Synopsys, Inc.
This Synopsys software and all associated documentation are proprietary to Synopsys, Inc.
and may only be used pursuant to the terms and conditions of a written license agreement
with Synopsys, Inc. All other use, reproduction, modification, or distribution of the
Synopsys software or the associated documentation is strictly prohibited.
Tool: Synplify Pro (R)
Build: V-2023.09L-2
Install: C:\lscc\diamond\3.14\synpbase
OS: Windows 10 or later
Hostname: PASTASCIUTTA

Implementation : impl1
Synopsys HDL compiler and linker, Version comp202309synp1, Build 349R, Built Sep 17 2024 08:16:26, @

Modified Files: 3
FID:  path (prevtimestamp, timestamp)
30       C:\Users\Gianpaolo\Desktop\3x3_no_timing\impl1\reveal_workspace\tmpreveal\RAW10toParallel_rvl.v (2026-04-01 12:45:20, 2026-04-01 12:55:00)
31       C:\Users\Gianpaolo\Desktop\3x3_no_timing\impl1\reveal_workspace\tmpreveal\raw10toparallel_la0_gen.v (2026-04-01 12:45:20, 2026-04-01 12:54:59)
32       C:\Users\Gianpaolo\Desktop\3x3_no_timing\impl1\reveal_workspace\tmpreveal\raw10toparallel_la0_trig_gen.v (2026-04-01 12:45:20, 2026-04-01 12:54:59)

*******************************************************************
Modules that may have changed as a result of file changes: 91
MID:  lib.cell.view
0        work.CSC.verilog may have changed because the following files changed:
                        C:\Users\Gianpaolo\Desktop\3x3_no_timing\impl1\reveal_workspace\tmpreveal\RAW10toParallel_rvl.v (2026-04-01 12:45:20, 2026-04-01 12:55:00) <-- (module definition)
25       work.CSC_uniq_1.verilog may have changed because the following files changed:
                        C:\Users\Gianpaolo\Desktop\3x3_no_timing\impl1\reveal_workspace\tmpreveal\RAW10toParallel_rvl.v (2026-04-01 12:45:20, 2026-04-01 12:55:00) <-- (module definition)
1        work.Gamma.verilog may have changed because the following files changed:
                        C:\Users\Gianpaolo\Desktop\3x3_no_timing\impl1\reveal_workspace\tmpreveal\RAW10toParallel_rvl.v (2026-04-01 12:45:20, 2026-04-01 12:55:00) <-- (module definition)
26       work.Gamma_uniq_1.verilog may have changed because the following files changed:
                        C:\Users\Gianpaolo\Desktop\3x3_no_timing\impl1\reveal_workspace\tmpreveal\RAW10toParallel_rvl.v (2026-04-01 12:45:20, 2026-04-01 12:55:00) <-- (module definition)
2        work.RAW10toParallel.verilog may have changed because the following files changed:
                        C:\Users\Gianpaolo\Desktop\3x3_no_timing\impl1\reveal_workspace\tmpreveal\RAW10toParallel_rvl.v (2026-04-01 12:45:20, 2026-04-01 12:55:00) <-- (module definition)
3        work.ab.verilog may have changed because the following files changed:
                        C:\Users\Gianpaolo\Desktop\3x3_no_timing\impl1\reveal_workspace\tmpreveal\RAW10toParallel_rvl.v (2026-04-01 12:45:20, 2026-04-01 12:55:00) <-- (module definition)
28       work.ab_uniq_1.verilog may have changed because the following files changed:
                        C:\Users\Gianpaolo\Desktop\3x3_no_timing\impl1\reveal_workspace\tmpreveal\RAW10toParallel_rvl.v (2026-04-01 12:45:20, 2026-04-01 12:55:00) <-- (module definition)
4        work.blanking_adjustment.verilog may have changed because the following files changed:
                        C:\Users\Gianpaolo\Desktop\3x3_no_timing\impl1\reveal_workspace\tmpreveal\RAW10toParallel_rvl.v (2026-04-01 12:45:20, 2026-04-01 12:55:00) <-- (module definition)
29       work.blanking_adjustment_uniq_1.verilog may have changed because the following files changed:
                        C:\Users\Gianpaolo\Desktop\3x3_no_timing\impl1\reveal_workspace\tmpreveal\RAW10toParallel_rvl.v (2026-04-01 12:45:20, 2026-04-01 12:55:00) <-- (module definition)
5        work.color.verilog may have changed because the following files changed:
                        C:\Users\Gianpaolo\Desktop\3x3_no_timing\impl1\reveal_workspace\tmpreveal\RAW10toParallel_rvl.v (2026-04-01 12:45:20, 2026-04-01 12:55:00) <-- (module definition)
30       work.color_uniq_1.verilog may have changed because the following files changed:
                        C:\Users\Gianpaolo\Desktop\3x3_no_timing\impl1\reveal_workspace\tmpreveal\RAW10toParallel_rvl.v (2026-04-01 12:45:20, 2026-04-01 12:55:00) <-- (module definition)
6        work.colorspace.verilog may have changed because the following files changed:
                        C:\Users\Gianpaolo\Desktop\3x3_no_timing\impl1\reveal_workspace\tmpreveal\RAW10toParallel_rvl.v (2026-04-01 12:45:20, 2026-04-01 12:55:00) <-- (module definition)
7        work.colorspace_top.verilog may have changed because the following files changed:
                        C:\Users\Gianpaolo\Desktop\3x3_no_timing\impl1\reveal_workspace\tmpreveal\RAW10toParallel_rvl.v (2026-04-01 12:45:20, 2026-04-01 12:55:00) <-- (module definition)
31       work.colorspace_top_uniq_1.verilog may have changed because the following files changed:
                        C:\Users\Gianpaolo\Desktop\3x3_no_timing\impl1\reveal_workspace\tmpreveal\RAW10toParallel_rvl.v (2026-04-01 12:45:20, 2026-04-01 12:55:00) <-- (module definition)
8        work.debayer.verilog may have changed because the following files changed:
                        C:\Users\Gianpaolo\Desktop\3x3_no_timing\impl1\reveal_workspace\tmpreveal\RAW10toParallel_rvl.v (2026-04-01 12:45:20, 2026-04-01 12:55:00) <-- (module definition)
9        work.debayer_dpram.verilog may have changed because the following files changed:
                        C:\Users\Gianpaolo\Desktop\3x3_no_timing\impl1\reveal_workspace\tmpreveal\RAW10toParallel_rvl.v (2026-04-01 12:45:20, 2026-04-01 12:55:00) <-- (module definition)
32       work.debayer_dpram_uniq_1.verilog may have changed because the following files changed:
                        C:\Users\Gianpaolo\Desktop\3x3_no_timing\impl1\reveal_workspace\tmpreveal\RAW10toParallel_rvl.v (2026-04-01 12:45:20, 2026-04-01 12:55:00) <-- (module definition)
33       work.debayer_dpram_uniq_2.verilog may have changed because the following files changed:
                        C:\Users\Gianpaolo\Desktop\3x3_no_timing\impl1\reveal_workspace\tmpreveal\RAW10toParallel_rvl.v (2026-04-01 12:45:20, 2026-04-01 12:55:00) <-- (module definition)
34       work.debayer_dpram_uniq_3.verilog may have changed because the following files changed:
                        C:\Users\Gianpaolo\Desktop\3x3_no_timing\impl1\reveal_workspace\tmpreveal\RAW10toParallel_rvl.v (2026-04-01 12:45:20, 2026-04-01 12:55:00) <-- (module definition)
35       work.debayer_dpram_uniq_4.verilog may have changed because the following files changed:
                        C:\Users\Gianpaolo\Desktop\3x3_no_timing\impl1\reveal_workspace\tmpreveal\RAW10toParallel_rvl.v (2026-04-01 12:45:20, 2026-04-01 12:55:00) <-- (module definition)
36       work.debayer_uniq_1.verilog may have changed because the following files changed:
                        C:\Users\Gianpaolo\Desktop\3x3_no_timing\impl1\reveal_workspace\tmpreveal\RAW10toParallel_rvl.v (2026-04-01 12:45:20, 2026-04-01 12:55:00) <-- (module definition)
10       work.dp_ram.verilog may have changed because the following files changed:
                        C:\Users\Gianpaolo\Desktop\3x3_no_timing\impl1\reveal_workspace\tmpreveal\RAW10toParallel_rvl.v (2026-04-01 12:45:20, 2026-04-01 12:55:00) <-- (module definition)
11       work.gammaCorrector.verilog may have changed because the following files changed:
                        C:\Users\Gianpaolo\Desktop\3x3_no_timing\impl1\reveal_workspace\tmpreveal\RAW10toParallel_rvl.v (2026-04-01 12:45:20, 2026-04-01 12:55:00) <-- (module definition)
12       work.gammaCorrector_top.verilog may have changed because the following files changed:
                        C:\Users\Gianpaolo\Desktop\3x3_no_timing\impl1\reveal_workspace\tmpreveal\RAW10toParallel_rvl.v (2026-04-01 12:45:20, 2026-04-01 12:55:00) <-- (module definition)
13       work.gamma_correction.verilog may have changed because the following files changed:
                        C:\Users\Gianpaolo\Desktop\3x3_no_timing\impl1\reveal_workspace\tmpreveal\RAW10toParallel_rvl.v (2026-04-01 12:45:20, 2026-04-01 12:55:00) <-- (module definition)
37       work.gamma_correction_uniq_1.verilog may have changed because the following files changed:
                        C:\Users\Gianpaolo\Desktop\3x3_no_timing\impl1\reveal_workspace\tmpreveal\RAW10toParallel_rvl.v (2026-04-01 12:45:20, 2026-04-01 12:55:00) <-- (module definition)
14       work.hdmi_i2c_core.verilog may have changed because the following files changed:
                        C:\Users\Gianpaolo\Desktop\3x3_no_timing\impl1\reveal_workspace\tmpreveal\RAW10toParallel_rvl.v (2026-04-01 12:45:20, 2026-04-01 12:55:00) <-- (module definition)
38       work.hdmi_i2c_core_uniq_1.verilog may have changed because the following files changed:
                        C:\Users\Gianpaolo\Desktop\3x3_no_timing\impl1\reveal_workspace\tmpreveal\RAW10toParallel_rvl.v (2026-04-01 12:45:20, 2026-04-01 12:55:00) <-- (module definition)
15       work.hdmi_i2c_ctrl.verilog may have changed because the following files changed:
                        C:\Users\Gianpaolo\Desktop\3x3_no_timing\impl1\reveal_workspace\tmpreveal\RAW10toParallel_rvl.v (2026-04-01 12:45:20, 2026-04-01 12:55:00) <-- (module definition)
39       work.hdmi_i2c_ctrl_uniq_1.verilog may have changed because the following files changed:
                        C:\Users\Gianpaolo\Desktop\3x3_no_timing\impl1\reveal_workspace\tmpreveal\RAW10toParallel_rvl.v (2026-04-01 12:45:20, 2026-04-01 12:55:00) <-- (module definition)
16       work.hdmi_i2c_top.verilog may have changed because the following files changed:
                        C:\Users\Gianpaolo\Desktop\3x3_no_timing\impl1\reveal_workspace\tmpreveal\RAW10toParallel_rvl.v (2026-04-01 12:45:20, 2026-04-01 12:55:00) <-- (module definition)
40       work.hdmi_i2c_top_uniq_1.verilog may have changed because the following files changed:
                        C:\Users\Gianpaolo\Desktop\3x3_no_timing\impl1\reveal_workspace\tmpreveal\RAW10toParallel_rvl.v (2026-04-01 12:45:20, 2026-04-01 12:55:00) <-- (module definition)
17       work.i2c_core.verilog may have changed because the following files changed:
                        C:\Users\Gianpaolo\Desktop\3x3_no_timing\impl1\reveal_workspace\tmpreveal\RAW10toParallel_rvl.v (2026-04-01 12:45:20, 2026-04-01 12:55:00) <-- (module definition)
41       work.i2c_core_uniq_1.verilog may have changed because the following files changed:
                        C:\Users\Gianpaolo\Desktop\3x3_no_timing\impl1\reveal_workspace\tmpreveal\RAW10toParallel_rvl.v (2026-04-01 12:45:20, 2026-04-01 12:55:00) <-- (module definition)
42       work.i2c_core_uniq_2.verilog may have changed because the following files changed:
                        C:\Users\Gianpaolo\Desktop\3x3_no_timing\impl1\reveal_workspace\tmpreveal\RAW10toParallel_rvl.v (2026-04-01 12:45:20, 2026-04-01 12:55:00) <-- (module definition)
18       work.i2c_ctrl.verilog may have changed because the following files changed:
                        C:\Users\Gianpaolo\Desktop\3x3_no_timing\impl1\reveal_workspace\tmpreveal\RAW10toParallel_rvl.v (2026-04-01 12:45:20, 2026-04-01 12:55:00) <-- (module definition)
43       work.i2c_ctrl_uniq_1.verilog may have changed because the following files changed:
                        C:\Users\Gianpaolo\Desktop\3x3_no_timing\impl1\reveal_workspace\tmpreveal\RAW10toParallel_rvl.v (2026-04-01 12:45:20, 2026-04-01 12:55:00) <-- (module definition)
44       work.i2c_ctrl_uniq_2.verilog may have changed because the following files changed:
                        C:\Users\Gianpaolo\Desktop\3x3_no_timing\impl1\reveal_workspace\tmpreveal\RAW10toParallel_rvl.v (2026-04-01 12:45:20, 2026-04-01 12:55:00) <-- (module definition)
19       work.i2c_top.verilog may have changed because the following files changed:
                        C:\Users\Gianpaolo\Desktop\3x3_no_timing\impl1\reveal_workspace\tmpreveal\RAW10toParallel_rvl.v (2026-04-01 12:45:20, 2026-04-01 12:55:00) <-- (module definition)
45       work.i2c_top_uniq_1.verilog may have changed because the following files changed:
                        C:\Users\Gianpaolo\Desktop\3x3_no_timing\impl1\reveal_workspace\tmpreveal\RAW10toParallel_rvl.v (2026-04-01 12:45:20, 2026-04-01 12:55:00) <-- (module definition)
20       work.image_fifo.verilog may have changed because the following files changed:
                        C:\Users\Gianpaolo\Desktop\3x3_no_timing\impl1\reveal_workspace\tmpreveal\RAW10toParallel_rvl.v (2026-04-01 12:45:20, 2026-04-01 12:55:00) <-- (module definition)
47       work.image_fifo_uniq_1.verilog may have changed because the following files changed:
                        C:\Users\Gianpaolo\Desktop\3x3_no_timing\impl1\reveal_workspace\tmpreveal\RAW10toParallel_rvl.v (2026-04-01 12:45:20, 2026-04-01 12:55:00) <-- (module definition)
21       work.image_pipe.verilog may have changed because the following files changed:
                        C:\Users\Gianpaolo\Desktop\3x3_no_timing\impl1\reveal_workspace\tmpreveal\RAW10toParallel_rvl.v (2026-04-01 12:45:20, 2026-04-01 12:55:00) <-- (module definition)
48       work.image_pipe_uniq_1.verilog may have changed because the following files changed:
                        C:\Users\Gianpaolo\Desktop\3x3_no_timing\impl1\reveal_workspace\tmpreveal\RAW10toParallel_rvl.v (2026-04-01 12:45:20, 2026-04-01 12:55:00) <-- (module definition)
22       work.invert_filter.verilog may have changed because the following files changed:
                        C:\Users\Gianpaolo\Desktop\3x3_no_timing\impl1\reveal_workspace\tmpreveal\RAW10toParallel_rvl.v (2026-04-01 12:45:20, 2026-04-01 12:55:00) <-- (module definition)
49       work.invert_filter_uniq_1.verilog may have changed because the following files changed:
                        C:\Users\Gianpaolo\Desktop\3x3_no_timing\impl1\reveal_workspace\tmpreveal\RAW10toParallel_rvl.v (2026-04-01 12:45:20, 2026-04-01 12:55:00) <-- (module definition)
55       work.jtagconn16.verilog may have changed because the following files changed:
                        C:\Users\Gianpaolo\Desktop\3x3_no_timing\impl1\reveal_workspace\tmpreveal\RAW10toParallel_rvl.v (2026-04-01 12:45:20, 2026-04-01 12:55:00) <-- (may instantiate this module)
                        C:\Users\Gianpaolo\Desktop\3x3_no_timing\impl1\reveal_workspace\tmpreveal\raw10toparallel_la0_gen.v (2026-04-01 12:45:20, 2026-04-01 12:54:59) <-- (may instantiate this module)
                        C:\Users\Gianpaolo\Desktop\3x3_no_timing\impl1\reveal_workspace\tmpreveal\raw10toparallel_la0_trig_gen.v (2026-04-01 12:45:20, 2026-04-01 12:54:59) <-- (may instantiate this module)
58       work.pmi_add.verilog may have changed because the following files changed:
                        C:\Users\Gianpaolo\Desktop\3x3_no_timing\impl1\reveal_workspace\tmpreveal\RAW10toParallel_rvl.v (2026-04-01 12:45:20, 2026-04-01 12:55:00) <-- (may instantiate this module)
                        C:\Users\Gianpaolo\Desktop\3x3_no_timing\impl1\reveal_workspace\tmpreveal\raw10toparallel_la0_gen.v (2026-04-01 12:45:20, 2026-04-01 12:54:59) <-- (may instantiate this module)
                        C:\Users\Gianpaolo\Desktop\3x3_no_timing\impl1\reveal_workspace\tmpreveal\raw10toparallel_la0_trig_gen.v (2026-04-01 12:45:20, 2026-04-01 12:54:59) <-- (may instantiate this module)
59       work.pmi_addsub.verilog may have changed because the following files changed:
                        C:\Users\Gianpaolo\Desktop\3x3_no_timing\impl1\reveal_workspace\tmpreveal\RAW10toParallel_rvl.v (2026-04-01 12:45:20, 2026-04-01 12:55:00) <-- (may instantiate this module)
                        C:\Users\Gianpaolo\Desktop\3x3_no_timing\impl1\reveal_workspace\tmpreveal\raw10toparallel_la0_gen.v (2026-04-01 12:45:20, 2026-04-01 12:54:59) <-- (may instantiate this module)
                        C:\Users\Gianpaolo\Desktop\3x3_no_timing\impl1\reveal_workspace\tmpreveal\raw10toparallel_la0_trig_gen.v (2026-04-01 12:45:20, 2026-04-01 12:54:59) <-- (may instantiate this module)
60       work.pmi_complex_mult.verilog may have changed because the following files changed:
                        C:\Users\Gianpaolo\Desktop\3x3_no_timing\impl1\reveal_workspace\tmpreveal\RAW10toParallel_rvl.v (2026-04-01 12:45:20, 2026-04-01 12:55:00) <-- (may instantiate this module)
                        C:\Users\Gianpaolo\Desktop\3x3_no_timing\impl1\reveal_workspace\tmpreveal\raw10toparallel_la0_gen.v (2026-04-01 12:45:20, 2026-04-01 12:54:59) <-- (may instantiate this module)
                        C:\Users\Gianpaolo\Desktop\3x3_no_timing\impl1\reveal_workspace\tmpreveal\raw10toparallel_la0_trig_gen.v (2026-04-01 12:45:20, 2026-04-01 12:54:59) <-- (may instantiate this module)
61       work.pmi_constant_mult.verilog may have changed because the following files changed:
                        C:\Users\Gianpaolo\Desktop\3x3_no_timing\impl1\reveal_workspace\tmpreveal\RAW10toParallel_rvl.v (2026-04-01 12:45:20, 2026-04-01 12:55:00) <-- (may instantiate this module)
                        C:\Users\Gianpaolo\Desktop\3x3_no_timing\impl1\reveal_workspace\tmpreveal\raw10toparallel_la0_gen.v (2026-04-01 12:45:20, 2026-04-01 12:54:59) <-- (may instantiate this module)
                        C:\Users\Gianpaolo\Desktop\3x3_no_timing\impl1\reveal_workspace\tmpreveal\raw10toparallel_la0_trig_gen.v (2026-04-01 12:45:20, 2026-04-01 12:54:59) <-- (may instantiate this module)
62       work.pmi_counter.verilog may have changed because the following files changed:
                        C:\Users\Gianpaolo\Desktop\3x3_no_timing\impl1\reveal_workspace\tmpreveal\RAW10toParallel_rvl.v (2026-04-01 12:45:20, 2026-04-01 12:55:00) <-- (may instantiate this module)
                        C:\Users\Gianpaolo\Desktop\3x3_no_timing\impl1\reveal_workspace\tmpreveal\raw10toparallel_la0_gen.v (2026-04-01 12:45:20, 2026-04-01 12:54:59) <-- (may instantiate this module)
                        C:\Users\Gianpaolo\Desktop\3x3_no_timing\impl1\reveal_workspace\tmpreveal\raw10toparallel_la0_trig_gen.v (2026-04-01 12:45:20, 2026-04-01 12:54:59) <-- (may instantiate this module)
63       work.pmi_distributed_dpram.verilog may have changed because the following files changed:
                        C:\Users\Gianpaolo\Desktop\3x3_no_timing\impl1\reveal_workspace\tmpreveal\RAW10toParallel_rvl.v (2026-04-01 12:45:20, 2026-04-01 12:55:00) <-- (may instantiate this module)
                        C:\Users\Gianpaolo\Desktop\3x3_no_timing\impl1\reveal_workspace\tmpreveal\raw10toparallel_la0_gen.v (2026-04-01 12:45:20, 2026-04-01 12:54:59) <-- (may instantiate this module)
                        C:\Users\Gianpaolo\Desktop\3x3_no_timing\impl1\reveal_workspace\tmpreveal\raw10toparallel_la0_trig_gen.v (2026-04-01 12:45:20, 2026-04-01 12:54:59) <-- (may instantiate this module)
64       work.pmi_distributed_rom.verilog may have changed because the following files changed:
                        C:\Users\Gianpaolo\Desktop\3x3_no_timing\impl1\reveal_workspace\tmpreveal\RAW10toParallel_rvl.v (2026-04-01 12:45:20, 2026-04-01 12:55:00) <-- (may instantiate this module)
                        C:\Users\Gianpaolo\Desktop\3x3_no_timing\impl1\reveal_workspace\tmpreveal\raw10toparallel_la0_gen.v (2026-04-01 12:45:20, 2026-04-01 12:54:59) <-- (may instantiate this module)
                        C:\Users\Gianpaolo\Desktop\3x3_no_timing\impl1\reveal_workspace\tmpreveal\raw10toparallel_la0_trig_gen.v (2026-04-01 12:45:20, 2026-04-01 12:54:59) <-- (may instantiate this module)
65       work.pmi_distributed_shift_reg.verilog may have changed because the following files changed:
                        C:\Users\Gianpaolo\Desktop\3x3_no_timing\impl1\reveal_workspace\tmpreveal\RAW10toParallel_rvl.v (2026-04-01 12:45:20, 2026-04-01 12:55:00) <-- (may instantiate this module)
                        C:\Users\Gianpaolo\Desktop\3x3_no_timing\impl1\reveal_workspace\tmpreveal\raw10toparallel_la0_gen.v (2026-04-01 12:45:20, 2026-04-01 12:54:59) <-- (may instantiate this module)
                        C:\Users\Gianpaolo\Desktop\3x3_no_timing\impl1\reveal_workspace\tmpreveal\raw10toparallel_la0_trig_gen.v (2026-04-01 12:45:20, 2026-04-01 12:54:59) <-- (may instantiate this module)
66       work.pmi_distributed_spram.verilog may have changed because the following files changed:
                        C:\Users\Gianpaolo\Desktop\3x3_no_timing\impl1\reveal_workspace\tmpreveal\RAW10toParallel_rvl.v (2026-04-01 12:45:20, 2026-04-01 12:55:00) <-- (may instantiate this module)
                        C:\Users\Gianpaolo\Desktop\3x3_no_timing\impl1\reveal_workspace\tmpreveal\raw10toparallel_la0_gen.v (2026-04-01 12:45:20, 2026-04-01 12:54:59) <-- (may instantiate this module)
                        C:\Users\Gianpaolo\Desktop\3x3_no_timing\impl1\reveal_workspace\tmpreveal\raw10toparallel_la0_trig_gen.v (2026-04-01 12:45:20, 2026-04-01 12:54:59) <-- (may instantiate this module)
67       work.pmi_dsp_casmultaddsub.verilog may have changed because the following files changed:
                        C:\Users\Gianpaolo\Desktop\3x3_no_timing\impl1\reveal_workspace\tmpreveal\RAW10toParallel_rvl.v (2026-04-01 12:45:20, 2026-04-01 12:55:00) <-- (may instantiate this module)
                        C:\Users\Gianpaolo\Desktop\3x3_no_timing\impl1\reveal_workspace\tmpreveal\raw10toparallel_la0_gen.v (2026-04-01 12:45:20, 2026-04-01 12:54:59) <-- (may instantiate this module)
                        C:\Users\Gianpaolo\Desktop\3x3_no_timing\impl1\reveal_workspace\tmpreveal\raw10toparallel_la0_trig_gen.v (2026-04-01 12:45:20, 2026-04-01 12:54:59) <-- (may instantiate this module)
68       work.pmi_dsp_mac.verilog may have changed because the following files changed:
                        C:\Users\Gianpaolo\Desktop\3x3_no_timing\impl1\reveal_workspace\tmpreveal\RAW10toParallel_rvl.v (2026-04-01 12:45:20, 2026-04-01 12:55:00) <-- (may instantiate this module)
                        C:\Users\Gianpaolo\Desktop\3x3_no_timing\impl1\reveal_workspace\tmpreveal\raw10toparallel_la0_gen.v (2026-04-01 12:45:20, 2026-04-01 12:54:59) <-- (may instantiate this module)
                        C:\Users\Gianpaolo\Desktop\3x3_no_timing\impl1\reveal_workspace\tmpreveal\raw10toparallel_la0_trig_gen.v (2026-04-01 12:45:20, 2026-04-01 12:54:59) <-- (may instantiate this module)
69       work.pmi_dsp_mult.verilog may have changed because the following files changed:
                        C:\Users\Gianpaolo\Desktop\3x3_no_timing\impl1\reveal_workspace\tmpreveal\RAW10toParallel_rvl.v (2026-04-01 12:45:20, 2026-04-01 12:55:00) <-- (may instantiate this module)
                        C:\Users\Gianpaolo\Desktop\3x3_no_timing\impl1\reveal_workspace\tmpreveal\raw10toparallel_la0_gen.v (2026-04-01 12:45:20, 2026-04-01 12:54:59) <-- (may instantiate this module)
                        C:\Users\Gianpaolo\Desktop\3x3_no_timing\impl1\reveal_workspace\tmpreveal\raw10toparallel_la0_trig_gen.v (2026-04-01 12:45:20, 2026-04-01 12:54:59) <-- (may instantiate this module)
70       work.pmi_dsp_multaddsub.verilog may have changed because the following files changed:
                        C:\Users\Gianpaolo\Desktop\3x3_no_timing\impl1\reveal_workspace\tmpreveal\RAW10toParallel_rvl.v (2026-04-01 12:45:20, 2026-04-01 12:55:00) <-- (may instantiate this module)
                        C:\Users\Gianpaolo\Desktop\3x3_no_timing\impl1\reveal_workspace\tmpreveal\raw10toparallel_la0_gen.v (2026-04-01 12:45:20, 2026-04-01 12:54:59) <-- (may instantiate this module)
                        C:\Users\Gianpaolo\Desktop\3x3_no_timing\impl1\reveal_workspace\tmpreveal\raw10toparallel_la0_trig_gen.v (2026-04-01 12:45:20, 2026-04-01 12:54:59) <-- (may instantiate this module)
71       work.pmi_dsp_multaddsubsum.verilog may have changed because the following files changed:
                        C:\Users\Gianpaolo\Desktop\3x3_no_timing\impl1\reveal_workspace\tmpreveal\RAW10toParallel_rvl.v (2026-04-01 12:45:20, 2026-04-01 12:55:00) <-- (may instantiate this module)
                        C:\Users\Gianpaolo\Desktop\3x3_no_timing\impl1\reveal_workspace\tmpreveal\raw10toparallel_la0_gen.v (2026-04-01 12:45:20, 2026-04-01 12:54:59) <-- (may instantiate this module)
                        C:\Users\Gianpaolo\Desktop\3x3_no_timing\impl1\reveal_workspace\tmpreveal\raw10toparallel_la0_trig_gen.v (2026-04-01 12:45:20, 2026-04-01 12:54:59) <-- (may instantiate this module)
72       work.pmi_dsp_preadd_slice.verilog may have changed because the following files changed:
                        C:\Users\Gianpaolo\Desktop\3x3_no_timing\impl1\reveal_workspace\tmpreveal\RAW10toParallel_rvl.v (2026-04-01 12:45:20, 2026-04-01 12:55:00) <-- (may instantiate this module)
                        C:\Users\Gianpaolo\Desktop\3x3_no_timing\impl1\reveal_workspace\tmpreveal\raw10toparallel_la0_gen.v (2026-04-01 12:45:20, 2026-04-01 12:54:59) <-- (may instantiate this module)
                        C:\Users\Gianpaolo\Desktop\3x3_no_timing\impl1\reveal_workspace\tmpreveal\raw10toparallel_la0_trig_gen.v (2026-04-01 12:45:20, 2026-04-01 12:54:59) <-- (may instantiate this module)
73       work.pmi_fifo.verilog may have changed because the following files changed:
                        C:\Users\Gianpaolo\Desktop\3x3_no_timing\impl1\reveal_workspace\tmpreveal\RAW10toParallel_rvl.v (2026-04-01 12:45:20, 2026-04-01 12:55:00) <-- (may instantiate this module)
                        C:\Users\Gianpaolo\Desktop\3x3_no_timing\impl1\reveal_workspace\tmpreveal\raw10toparallel_la0_gen.v (2026-04-01 12:45:20, 2026-04-01 12:54:59) <-- (may instantiate this module)
                        C:\Users\Gianpaolo\Desktop\3x3_no_timing\impl1\reveal_workspace\tmpreveal\raw10toparallel_la0_trig_gen.v (2026-04-01 12:45:20, 2026-04-01 12:54:59) <-- (may instantiate this module)
74       work.pmi_fifo_dc.verilog may have changed because the following files changed:
                        C:\Users\Gianpaolo\Desktop\3x3_no_timing\impl1\reveal_workspace\tmpreveal\RAW10toParallel_rvl.v (2026-04-01 12:45:20, 2026-04-01 12:55:00) <-- (may instantiate this module)
                        C:\Users\Gianpaolo\Desktop\3x3_no_timing\impl1\reveal_workspace\tmpreveal\raw10toparallel_la0_gen.v (2026-04-01 12:45:20, 2026-04-01 12:54:59) <-- (may instantiate this module)
                        C:\Users\Gianpaolo\Desktop\3x3_no_timing\impl1\reveal_workspace\tmpreveal\raw10toparallel_la0_trig_gen.v (2026-04-01 12:45:20, 2026-04-01 12:54:59) <-- (may instantiate this module)
75       work.pmi_mac.verilog may have changed because the following files changed:
                        C:\Users\Gianpaolo\Desktop\3x3_no_timing\impl1\reveal_workspace\tmpreveal\RAW10toParallel_rvl.v (2026-04-01 12:45:20, 2026-04-01 12:55:00) <-- (may instantiate this module)
                        C:\Users\Gianpaolo\Desktop\3x3_no_timing\impl1\reveal_workspace\tmpreveal\raw10toparallel_la0_gen.v (2026-04-01 12:45:20, 2026-04-01 12:54:59) <-- (may instantiate this module)
                        C:\Users\Gianpaolo\Desktop\3x3_no_timing\impl1\reveal_workspace\tmpreveal\raw10toparallel_la0_trig_gen.v (2026-04-01 12:45:20, 2026-04-01 12:54:59) <-- (may instantiate this module)
76       work.pmi_mult.verilog may have changed because the following files changed:
                        C:\Users\Gianpaolo\Desktop\3x3_no_timing\impl1\reveal_workspace\tmpreveal\RAW10toParallel_rvl.v (2026-04-01 12:45:20, 2026-04-01 12:55:00) <-- (may instantiate this module)
                        C:\Users\Gianpaolo\Desktop\3x3_no_timing\impl1\reveal_workspace\tmpreveal\raw10toparallel_la0_gen.v (2026-04-01 12:45:20, 2026-04-01 12:54:59) <-- (may instantiate this module)
                        C:\Users\Gianpaolo\Desktop\3x3_no_timing\impl1\reveal_workspace\tmpreveal\raw10toparallel_la0_trig_gen.v (2026-04-01 12:45:20, 2026-04-01 12:54:59) <-- (may instantiate this module)
77       work.pmi_multaddsub.verilog may have changed because the following files changed:
                        C:\Users\Gianpaolo\Desktop\3x3_no_timing\impl1\reveal_workspace\tmpreveal\RAW10toParallel_rvl.v (2026-04-01 12:45:20, 2026-04-01 12:55:00) <-- (may instantiate this module)
                        C:\Users\Gianpaolo\Desktop\3x3_no_timing\impl1\reveal_workspace\tmpreveal\raw10toparallel_la0_gen.v (2026-04-01 12:45:20, 2026-04-01 12:54:59) <-- (may instantiate this module)
                        C:\Users\Gianpaolo\Desktop\3x3_no_timing\impl1\reveal_workspace\tmpreveal\raw10toparallel_la0_trig_gen.v (2026-04-01 12:45:20, 2026-04-01 12:54:59) <-- (may instantiate this module)
78       work.pmi_multaddsubsum.verilog may have changed because the following files changed:
                        C:\Users\Gianpaolo\Desktop\3x3_no_timing\impl1\reveal_workspace\tmpreveal\RAW10toParallel_rvl.v (2026-04-01 12:45:20, 2026-04-01 12:55:00) <-- (may instantiate this module)
                        C:\Users\Gianpaolo\Desktop\3x3_no_timing\impl1\reveal_workspace\tmpreveal\raw10toparallel_la0_gen.v (2026-04-01 12:45:20, 2026-04-01 12:54:59) <-- (may instantiate this module)
                        C:\Users\Gianpaolo\Desktop\3x3_no_timing\impl1\reveal_workspace\tmpreveal\raw10toparallel_la0_trig_gen.v (2026-04-01 12:45:20, 2026-04-01 12:54:59) <-- (may instantiate this module)
79       work.pmi_pll.verilog may have changed because the following files changed:
                        C:\Users\Gianpaolo\Desktop\3x3_no_timing\impl1\reveal_workspace\tmpreveal\RAW10toParallel_rvl.v (2026-04-01 12:45:20, 2026-04-01 12:55:00) <-- (may instantiate this module)
                        C:\Users\Gianpaolo\Desktop\3x3_no_timing\impl1\reveal_workspace\tmpreveal\raw10toparallel_la0_gen.v (2026-04-01 12:45:20, 2026-04-01 12:54:59) <-- (may instantiate this module)
                        C:\Users\Gianpaolo\Desktop\3x3_no_timing\impl1\reveal_workspace\tmpreveal\raw10toparallel_la0_trig_gen.v (2026-04-01 12:45:20, 2026-04-01 12:54:59) <-- (may instantiate this module)
80       work.pmi_pll_fp.verilog may have changed because the following files changed:
                        C:\Users\Gianpaolo\Desktop\3x3_no_timing\impl1\reveal_workspace\tmpreveal\RAW10toParallel_rvl.v (2026-04-01 12:45:20, 2026-04-01 12:55:00) <-- (may instantiate this module)
                        C:\Users\Gianpaolo\Desktop\3x3_no_timing\impl1\reveal_workspace\tmpreveal\raw10toparallel_la0_gen.v (2026-04-01 12:45:20, 2026-04-01 12:54:59) <-- (may instantiate this module)
                        C:\Users\Gianpaolo\Desktop\3x3_no_timing\impl1\reveal_workspace\tmpreveal\raw10toparallel_la0_trig_gen.v (2026-04-01 12:45:20, 2026-04-01 12:54:59) <-- (may instantiate this module)
81       work.pmi_ram_dp.verilog may have changed because the following files changed:
                        C:\Users\Gianpaolo\Desktop\3x3_no_timing\impl1\reveal_workspace\tmpreveal\RAW10toParallel_rvl.v (2026-04-01 12:45:20, 2026-04-01 12:55:00) <-- (may instantiate this module)
                        C:\Users\Gianpaolo\Desktop\3x3_no_timing\impl1\reveal_workspace\tmpreveal\raw10toparallel_la0_gen.v (2026-04-01 12:45:20, 2026-04-01 12:54:59) <-- (may instantiate this module)
                        C:\Users\Gianpaolo\Desktop\3x3_no_timing\impl1\reveal_workspace\tmpreveal\raw10toparallel_la0_trig_gen.v (2026-04-01 12:45:20, 2026-04-01 12:54:59) <-- (may instantiate this module)
82       work.pmi_ram_dp_be.verilog may have changed because the following files changed:
                        C:\Users\Gianpaolo\Desktop\3x3_no_timing\impl1\reveal_workspace\tmpreveal\RAW10toParallel_rvl.v (2026-04-01 12:45:20, 2026-04-01 12:55:00) <-- (may instantiate this module)
                        C:\Users\Gianpaolo\Desktop\3x3_no_timing\impl1\reveal_workspace\tmpreveal\raw10toparallel_la0_gen.v (2026-04-01 12:45:20, 2026-04-01 12:54:59) <-- (may instantiate this module)
                        C:\Users\Gianpaolo\Desktop\3x3_no_timing\impl1\reveal_workspace\tmpreveal\raw10toparallel_la0_trig_gen.v (2026-04-01 12:45:20, 2026-04-01 12:54:59) <-- (may instantiate this module)
83       work.pmi_ram_dp_true.verilog may have changed because the following files changed:
                        C:\Users\Gianpaolo\Desktop\3x3_no_timing\impl1\reveal_workspace\tmpreveal\RAW10toParallel_rvl.v (2026-04-01 12:45:20, 2026-04-01 12:55:00) <-- (may instantiate this module)
                        C:\Users\Gianpaolo\Desktop\3x3_no_timing\impl1\reveal_workspace\tmpreveal\raw10toparallel_la0_gen.v (2026-04-01 12:45:20, 2026-04-01 12:54:59) <-- (may instantiate this module)
                        C:\Users\Gianpaolo\Desktop\3x3_no_timing\impl1\reveal_workspace\tmpreveal\raw10toparallel_la0_trig_gen.v (2026-04-01 12:45:20, 2026-04-01 12:54:59) <-- (may instantiate this module)
84       work.pmi_ram_dp_true_be.verilog may have changed because the following files changed:
                        C:\Users\Gianpaolo\Desktop\3x3_no_timing\impl1\reveal_workspace\tmpreveal\RAW10toParallel_rvl.v (2026-04-01 12:45:20, 2026-04-01 12:55:00) <-- (may instantiate this module)
                        C:\Users\Gianpaolo\Desktop\3x3_no_timing\impl1\reveal_workspace\tmpreveal\raw10toparallel_la0_gen.v (2026-04-01 12:45:20, 2026-04-01 12:54:59) <-- (may instantiate this module)
                        C:\Users\Gianpaolo\Desktop\3x3_no_timing\impl1\reveal_workspace\tmpreveal\raw10toparallel_la0_trig_gen.v (2026-04-01 12:45:20, 2026-04-01 12:54:59) <-- (may instantiate this module)
85       work.pmi_ram_dq.verilog may have changed because the following files changed:
                        C:\Users\Gianpaolo\Desktop\3x3_no_timing\impl1\reveal_workspace\tmpreveal\RAW10toParallel_rvl.v (2026-04-01 12:45:20, 2026-04-01 12:55:00) <-- (may instantiate this module)
                        C:\Users\Gianpaolo\Desktop\3x3_no_timing\impl1\reveal_workspace\tmpreveal\raw10toparallel_la0_gen.v (2026-04-01 12:45:20, 2026-04-01 12:54:59) <-- (may instantiate this module)
                        C:\Users\Gianpaolo\Desktop\3x3_no_timing\impl1\reveal_workspace\tmpreveal\raw10toparallel_la0_trig_gen.v (2026-04-01 12:45:20, 2026-04-01 12:54:59) <-- (may instantiate this module)
86       work.pmi_ram_dq_be.verilog may have changed because the following files changed:
                        C:\Users\Gianpaolo\Desktop\3x3_no_timing\impl1\reveal_workspace\tmpreveal\RAW10toParallel_rvl.v (2026-04-01 12:45:20, 2026-04-01 12:55:00) <-- (may instantiate this module)
                        C:\Users\Gianpaolo\Desktop\3x3_no_timing\impl1\reveal_workspace\tmpreveal\raw10toparallel_la0_gen.v (2026-04-01 12:45:20, 2026-04-01 12:54:59) <-- (may instantiate this module)
                        C:\Users\Gianpaolo\Desktop\3x3_no_timing\impl1\reveal_workspace\tmpreveal\raw10toparallel_la0_trig_gen.v (2026-04-01 12:45:20, 2026-04-01 12:54:59) <-- (may instantiate this module)
87       work.pmi_rom.verilog may have changed because the following files changed:
                        C:\Users\Gianpaolo\Desktop\3x3_no_timing\impl1\reveal_workspace\tmpreveal\RAW10toParallel_rvl.v (2026-04-01 12:45:20, 2026-04-01 12:55:00) <-- (may instantiate this module)
                        C:\Users\Gianpaolo\Desktop\3x3_no_timing\impl1\reveal_workspace\tmpreveal\raw10toparallel_la0_gen.v (2026-04-01 12:45:20, 2026-04-01 12:54:59) <-- (may instantiate this module)
                        C:\Users\Gianpaolo\Desktop\3x3_no_timing\impl1\reveal_workspace\tmpreveal\raw10toparallel_la0_trig_gen.v (2026-04-01 12:45:20, 2026-04-01 12:54:59) <-- (may instantiate this module)
88       work.pmi_sub.verilog may have changed because the following files changed:
                        C:\Users\Gianpaolo\Desktop\3x3_no_timing\impl1\reveal_workspace\tmpreveal\RAW10toParallel_rvl.v (2026-04-01 12:45:20, 2026-04-01 12:55:00) <-- (may instantiate this module)
                        C:\Users\Gianpaolo\Desktop\3x3_no_timing\impl1\reveal_workspace\tmpreveal\raw10toparallel_la0_gen.v (2026-04-01 12:45:20, 2026-04-01 12:54:59) <-- (may instantiate this module)
                        C:\Users\Gianpaolo\Desktop\3x3_no_timing\impl1\reveal_workspace\tmpreveal\raw10toparallel_la0_trig_gen.v (2026-04-01 12:45:20, 2026-04-01 12:54:59) <-- (may instantiate this module)
89       work.raw10toparallel_la0.verilog may have changed because the following files changed:
                        C:\Users\Gianpaolo\Desktop\3x3_no_timing\impl1\reveal_workspace\tmpreveal\RAW10toParallel_rvl.v (2026-04-01 12:45:20, 2026-04-01 12:55:00) <-- (may instantiate this module)
                        C:\Users\Gianpaolo\Desktop\3x3_no_timing\impl1\reveal_workspace\tmpreveal\raw10toparallel_la0_gen.v (2026-04-01 12:45:20, 2026-04-01 12:54:59) <-- (module definition)
90       work.raw10toparallel_la0_trig.verilog may have changed because the following files changed:
                        C:\Users\Gianpaolo\Desktop\3x3_no_timing\impl1\reveal_workspace\tmpreveal\RAW10toParallel_rvl.v (2026-04-01 12:45:20, 2026-04-01 12:55:00) <-- (may instantiate this module)
                        C:\Users\Gianpaolo\Desktop\3x3_no_timing\impl1\reveal_workspace\tmpreveal\raw10toparallel_la0_gen.v (2026-04-01 12:45:20, 2026-04-01 12:54:59) <-- (may instantiate this module)
                        C:\Users\Gianpaolo\Desktop\3x3_no_timing\impl1\reveal_workspace\tmpreveal\raw10toparallel_la0_trig_gen.v (2026-04-01 12:45:20, 2026-04-01 12:54:59) <-- (module definition)
23       work.rb_ram.verilog may have changed because the following files changed:
                        C:\Users\Gianpaolo\Desktop\3x3_no_timing\impl1\reveal_workspace\tmpreveal\RAW10toParallel_rvl.v (2026-04-01 12:45:20, 2026-04-01 12:55:00) <-- (module definition)
91       work.reveal_coretop.verilog may have changed because the following files changed:
                        C:\Users\Gianpaolo\Desktop\3x3_no_timing\impl1\reveal_workspace\tmpreveal\RAW10toParallel_rvl.v (2026-04-01 12:45:20, 2026-04-01 12:55:00) <-- (module definition)
92       work.rvl_decode.verilog may have changed because the following files changed:
                        C:\Users\Gianpaolo\Desktop\3x3_no_timing\impl1\reveal_workspace\tmpreveal\RAW10toParallel_rvl.v (2026-04-01 12:45:20, 2026-04-01 12:55:00) <-- (may instantiate this module)
                        C:\Users\Gianpaolo\Desktop\3x3_no_timing\impl1\reveal_workspace\tmpreveal\raw10toparallel_la0_gen.v (2026-04-01 12:45:20, 2026-04-01 12:54:59) <-- (may instantiate this module)
                        C:\Users\Gianpaolo\Desktop\3x3_no_timing\impl1\reveal_workspace\tmpreveal\raw10toparallel_la0_trig_gen.v (2026-04-01 12:45:20, 2026-04-01 12:54:59) <-- (may instantiate this module)
95       work.rvl_jtag_int.verilog may have changed because the following files changed:
                        C:\Users\Gianpaolo\Desktop\3x3_no_timing\impl1\reveal_workspace\tmpreveal\RAW10toParallel_rvl.v (2026-04-01 12:45:20, 2026-04-01 12:55:00) <-- (may instantiate this module)
                        C:\Users\Gianpaolo\Desktop\3x3_no_timing\impl1\reveal_workspace\tmpreveal\raw10toparallel_la0_gen.v (2026-04-01 12:45:20, 2026-04-01 12:54:59) <-- (may instantiate this module)
                        C:\Users\Gianpaolo\Desktop\3x3_no_timing\impl1\reveal_workspace\tmpreveal\raw10toparallel_la0_trig_gen.v (2026-04-01 12:45:20, 2026-04-01 12:54:59) <-- (may instantiate this module)
96       work.rvl_serial_tu.verilog may have changed because the following files changed:
                        C:\Users\Gianpaolo\Desktop\3x3_no_timing\impl1\reveal_workspace\tmpreveal\RAW10toParallel_rvl.v (2026-04-01 12:45:20, 2026-04-01 12:55:00) <-- (may instantiate this module)
                        C:\Users\Gianpaolo\Desktop\3x3_no_timing\impl1\reveal_workspace\tmpreveal\raw10toparallel_la0_gen.v (2026-04-01 12:45:20, 2026-04-01 12:54:59) <-- (may instantiate this module)
                        C:\Users\Gianpaolo\Desktop\3x3_no_timing\impl1\reveal_workspace\tmpreveal\raw10toparallel_la0_trig_gen.v (2026-04-01 12:45:20, 2026-04-01 12:54:59) <-- (may instantiate this module)
97       work.rvl_tcnt.verilog may have changed because the following files changed:
                        C:\Users\Gianpaolo\Desktop\3x3_no_timing\impl1\reveal_workspace\tmpreveal\RAW10toParallel_rvl.v (2026-04-01 12:45:20, 2026-04-01 12:55:00) <-- (may instantiate this module)
                        C:\Users\Gianpaolo\Desktop\3x3_no_timing\impl1\reveal_workspace\tmpreveal\raw10toparallel_la0_gen.v (2026-04-01 12:45:20, 2026-04-01 12:54:59) <-- (may instantiate this module)
                        C:\Users\Gianpaolo\Desktop\3x3_no_timing\impl1\reveal_workspace\tmpreveal\raw10toparallel_la0_trig_gen.v (2026-04-01 12:45:20, 2026-04-01 12:54:59) <-- (may instantiate this module)
98       work.rvl_te.verilog may have changed because the following files changed:
                        C:\Users\Gianpaolo\Desktop\3x3_no_timing\impl1\reveal_workspace\tmpreveal\RAW10toParallel_rvl.v (2026-04-01 12:45:20, 2026-04-01 12:55:00) <-- (may instantiate this module)
                        C:\Users\Gianpaolo\Desktop\3x3_no_timing\impl1\reveal_workspace\tmpreveal\raw10toparallel_la0_gen.v (2026-04-01 12:45:20, 2026-04-01 12:54:59) <-- (may instantiate this module)
                        C:\Users\Gianpaolo\Desktop\3x3_no_timing\impl1\reveal_workspace\tmpreveal\raw10toparallel_la0_trig_gen.v (2026-04-01 12:45:20, 2026-04-01 12:54:59) <-- (may instantiate this module)
99       work.rvl_tm.verilog may have changed because the following files changed:
                        C:\Users\Gianpaolo\Desktop\3x3_no_timing\impl1\reveal_workspace\tmpreveal\RAW10toParallel_rvl.v (2026-04-01 12:45:20, 2026-04-01 12:55:00) <-- (may instantiate this module)
                        C:\Users\Gianpaolo\Desktop\3x3_no_timing\impl1\reveal_workspace\tmpreveal\raw10toparallel_la0_gen.v (2026-04-01 12:45:20, 2026-04-01 12:54:59) <-- (may instantiate this module)
                        C:\Users\Gianpaolo\Desktop\3x3_no_timing\impl1\reveal_workspace\tmpreveal\raw10toparallel_la0_trig_gen.v (2026-04-01 12:45:20, 2026-04-01 12:54:59) <-- (may instantiate this module)
100      work.rvl_tu.verilog may have changed because the following files changed:
                        C:\Users\Gianpaolo\Desktop\3x3_no_timing\impl1\reveal_workspace\tmpreveal\RAW10toParallel_rvl.v (2026-04-01 12:45:20, 2026-04-01 12:55:00) <-- (may instantiate this module)
                        C:\Users\Gianpaolo\Desktop\3x3_no_timing\impl1\reveal_workspace\tmpreveal\raw10toparallel_la0_gen.v (2026-04-01 12:45:20, 2026-04-01 12:54:59) <-- (may instantiate this module)
                        C:\Users\Gianpaolo\Desktop\3x3_no_timing\impl1\reveal_workspace\tmpreveal\raw10toparallel_la0_trig_gen.v (2026-04-01 12:45:20, 2026-04-01 12:54:59) <-- (may instantiate this module)
24       work.sc_fifo.verilog may have changed because the following files changed:
                        C:\Users\Gianpaolo\Desktop\3x3_no_timing\impl1\reveal_workspace\tmpreveal\RAW10toParallel_rvl.v (2026-04-01 12:45:20, 2026-04-01 12:55:00) <-- (module definition)
101      work.sc_fifo_uniq_1.verilog may have changed because the following files changed:
                        C:\Users\Gianpaolo\Desktop\3x3_no_timing\impl1\reveal_workspace\tmpreveal\RAW10toParallel_rvl.v (2026-04-01 12:45:20, 2026-04-01 12:55:00) <-- (module definition)

*******************************************************************
Unmodified files: 10
FID:  path (timestamp)
33       C:\lscc\diamond\3.14\cae_library\synthesis\verilog\pmi_def.v (2024-09-27 14:08:44)
34       C:\lscc\diamond\3.14\module\reveal\src\ertl\JTAG_SOFT.v (2016-03-30 23:24:59)
35       C:\lscc\diamond\3.14\module\reveal\src\ertl\ertl.v (2017-04-26 21:34:31)
36       C:\lscc\diamond\3.14\module\reveal\src\rvl_j2w_module\rvl_j2w_module.v (2013-11-26 01:02:33)
37       C:\lscc\diamond\3.14\module\reveal\src\rvl_j2w_module\wb2sci.v (2013-11-12 01:19:06)
25       C:\lscc\diamond\3.14\synpbase\lib\lucent\ecp5um.v (2024-08-22 22:48:19)
26       C:\lscc\diamond\3.14\synpbase\lib\lucent\pmi_def.v (2024-09-24 01:33:10)
27       C:\lscc\diamond\3.14\synpbase\lib\vlog\hypermods.v (2024-09-24 01:33:35)
28       C:\lscc\diamond\3.14\synpbase\lib\vlog\scemi_objects.v (2024-09-24 01:33:35)
29       C:\lscc\diamond\3.14\synpbase\lib\vlog\scemi_pipes.svh (2024-09-24 01:33:35)

*******************************************************************
Unchanged modules: 13
MID:  lib.cell.view
27       work.JTAG_SOFT.verilog
46       work.idata.verilog
50       work.jtag_cntl_soft.verilog
51       work.jtag_inst_dec_soft.verilog
52       work.jtag_logic_soft.verilog
53       work.jtag_register_soft.verilog
54       work.jtag_tap_cntl_soft.verilog
56       work.jtaghub16.verilog
57       work.jtaghub_if.verilog
93       work.rvl_j2w.verilog
94       work.rvl_jtag2wb.verilog
102      work.wb2sci.verilog
103      work.wb_control.verilog
